// Jest Snapshot v1, https://goo.gl/fbAQLP

exports[`testTemplate 1`] = `
"<?xml version="1.0" encoding="UTF-8"?>
<?xml-stylesheet href="rss.xsl" type="text/xsl"?>
<rss xmlns:atom="http://www.w3.org/2005/Atom" version="2.0"
     xmlns:itunes="http://www.itunes.com/dtds/podcast-1.0.dtd">
    <channel>
            <title><![CDATA[bxb100's Blog]]></title>
            <link>https://github.com/bxb100/issueblog-test</link>
        <atom:link href="https://github.com/bxb100/issueblog-test/feed.xml" rel="self" type="application/rss+xml" />
            <description><![CDATA[RSS feed of bxb100's issueblog-test]]></description>
        <generator>IssueBlogAction</generator>
        <webMaster>bxb100@outlook.com (@bxb100)</webMaster>
            <itunes:author>bxb100</itunes:author>
                <itunes:explicit>no</itunes:explicit>
                <itunes:image href="https://cdn.jsdelivr.net/gh/bxb100/issueblog-test/blog.png" />
            <language>zh-cn</language>
            <image>
                <url>https://cdn.jsdelivr.net/gh/bxb100/issueblog-test/blog.png</url>
                    <title><![CDATA[bxb100's Blog]]></title>
                <link>https://github.com/bxb100/issueblog-test</link>
            </image>
        <lastBuildDate>Wed, 08 Dec 2021 13:46:26 GMT</lastBuildDate>
            <item>
                <title><![CDATA[测试文章 2]]></title>
                    <description><![CDATA[测试文章 2]]></description>
                    <pubDate>Sun, 05 Dec 2021 20:09:30 GMT</pubDate>
                        <guid isPermaLink="false">https://github.com/bxb100/issueblog-test/issues/22</guid>
                <link>https://github.com/bxb100/issueblog-test/issues/22</link>
                    <author><![CDATA[bxb100]]></author>
                    <category>CSSCSCS</category>
            </item>
            <item>
                <title><![CDATA[测试一个文章]]></title>
                    <description><![CDATA[<h2>
<a id="user-content-啦啦啦啦啦" class="anchor" href="#%E5%95%A6%E5%95%A6%E5%95%A6%E5%95%A6%E5%95%A6" aria-hidden="true"><span aria-hidden="true" class="octicon octicon-link"></span></a>啦啦啦啦啦</h2>
<p>打的就爱上了</p>
<ul>
<li>1</li>
<li>2</li>
<li>3</li>
<li>4</li>
</ul>
<hr>
<table>
<thead>
<tr>
<th>a</th>
<th>b</th>
</tr>
</thead>
<tbody>
<tr>
<td>1</td>
<td>2</td>
</tr>
</tbody>
</table>
]]></description>
                    <pubDate>Sun, 05 Dec 2021 20:04:10 GMT</pubDate>
                        <guid isPermaLink="false">https://github.com/bxb100/issueblog-test/issues/21</guid>
                <link>https://github.com/bxb100/issueblog-test/issues/21</link>
                    <author><![CDATA[bxb100]]></author>
                        <category>测试</category>
            </item>
            <item>
                <title><![CDATA[备份测试 1-改名测试 1]]></title>
                    <description><![CDATA[<p>cscscc sc sc sa C</p>
]]></description>
                    <pubDate>Sun, 05 Dec 2021 12:33:27 GMT</pubDate>
                        <guid isPermaLink="false">https://github.com/bxb100/issueblog-test/issues/20</guid>
                <link>https://github.com/bxb100/issueblog-test/issues/20</link>
                    <author><![CDATA[bxb100]]></author>
            </item>
            <item>
                <title><![CDATA[todo 测试 2]]></title>
                    <description><![CDATA[<ul>
<li>[x] 1</li>
<li>[x] 2</li>
</ul>
]]></description>
                    <pubDate>Sat, 04 Dec 2021 17:49:43 GMT</pubDate>
                        <guid isPermaLink="false">https://github.com/bxb100/issueblog-test/issues/19</guid>
                <link>https://github.com/bxb100/issueblog-test/issues/19</link>
                    <author><![CDATA[bxb100]]></author>
                        <category>Todo</category>
            </item>
            <item>
                <title><![CDATA[todo 测试]]></title>
                    <description><![CDATA[<ul>
<li>[ ] undone</li>
<li>[x] done</li>
<li>[x] done2</li>
</ul>
]]></description>
                    <pubDate>Sat, 04 Dec 2021 17:47:31 GMT</pubDate>
                        <guid isPermaLink="false">https://github.com/bxb100/issueblog-test/issues/18</guid>
                <link>https://github.com/bxb100/issueblog-test/issues/18</link>
                    <author><![CDATA[bxb100]]></author>
                        <category>Todo</category>
            </item>
            <item>
                <title><![CDATA[无 label 7]]></title>
                    <description><![CDATA[无 label 7]]></description>
                    <pubDate>Sat, 04 Dec 2021 17:11:30 GMT</pubDate>
                        <guid isPermaLink="false">https://github.com/bxb100/issueblog-test/issues/17</guid>
                <link>https://github.com/bxb100/issueblog-test/issues/17</link>
                    <author><![CDATA[bxb100]]></author>
            </item>
            <item>
                <title><![CDATA[无 label 6]]></title>
                    <description><![CDATA[无 label 6]]></description>
                    <pubDate>Sat, 04 Dec 2021 17:11:23 GMT</pubDate>
                        <guid isPermaLink="false">https://github.com/bxb100/issueblog-test/issues/16</guid>
                <link>https://github.com/bxb100/issueblog-test/issues/16</link>
                    <author><![CDATA[bxb100]]></author>
            </item>
            <item>
                <title><![CDATA[无 label 5]]></title>
                    <description><![CDATA[无 label 5]]></description>
                    <pubDate>Sat, 04 Dec 2021 17:09:22 GMT</pubDate>
                        <guid isPermaLink="false">https://github.com/bxb100/issueblog-test/issues/15</guid>
                <link>https://github.com/bxb100/issueblog-test/issues/15</link>
                    <author><![CDATA[bxb100]]></author>
            </item>
            <item>
                <title><![CDATA[无 label 4]]></title>
                    <description><![CDATA[无 label 4]]></description>
                    <pubDate>Sat, 04 Dec 2021 17:09:13 GMT</pubDate>
                        <guid isPermaLink="false">https://github.com/bxb100/issueblog-test/issues/14</guid>
                <link>https://github.com/bxb100/issueblog-test/issues/14</link>
                    <author><![CDATA[bxb100]]></author>
            </item>
            <item>
                <title><![CDATA[无 label 3]]></title>
                    <description><![CDATA[无 label 3]]></description>
                    <pubDate>Sat, 04 Dec 2021 17:06:41 GMT</pubDate>
                        <guid isPermaLink="false">https://github.com/bxb100/issueblog-test/issues/13</guid>
                <link>https://github.com/bxb100/issueblog-test/issues/13</link>
                    <author><![CDATA[bxb100]]></author>
            </item>
            <item>
                <title><![CDATA[无 label 2]]></title>
                    <description><![CDATA[无 label 2]]></description>
                    <pubDate>Sat, 04 Dec 2021 17:06:35 GMT</pubDate>
                        <guid isPermaLink="false">https://github.com/bxb100/issueblog-test/issues/12</guid>
                <link>https://github.com/bxb100/issueblog-test/issues/12</link>
                    <author><![CDATA[bxb100]]></author>
            </item>
            <item>
                <title><![CDATA[无 label 1]]></title>
                    <description><![CDATA[无 label 1]]></description>
                    <pubDate>Sat, 04 Dec 2021 17:06:29 GMT</pubDate>
                        <guid isPermaLink="false">https://github.com/bxb100/issueblog-test/issues/11</guid>
                <link>https://github.com/bxb100/issueblog-test/issues/11</link>
                    <author><![CDATA[bxb100]]></author>
            </item>
            <item>
                <title><![CDATA[测试隐藏 label 6]]></title>
                    <description><![CDATA[测试隐藏 label 6]]></description>
                    <pubDate>Sat, 04 Dec 2021 17:01:19 GMT</pubDate>
                        <guid isPermaLink="false">https://github.com/bxb100/issueblog-test/issues/10</guid>
                <link>https://github.com/bxb100/issueblog-test/issues/10</link>
                    <author><![CDATA[bxb100]]></author>
                        <category>2021</category>
            </item>
            <item>
                <title><![CDATA[测试隐藏 label 5]]></title>
                    <description><![CDATA[测试隐藏 label 5]]></description>
                    <pubDate>Sat, 04 Dec 2021 17:01:05 GMT</pubDate>
                        <guid isPermaLink="false">https://github.com/bxb100/issueblog-test/issues/9</guid>
                <link>https://github.com/bxb100/issueblog-test/issues/9</link>
                    <author><![CDATA[bxb100]]></author>
                        <category>2021</category>
            </item>
            <item>
                <title><![CDATA[测试隐藏 label 4]]></title>
                    <description><![CDATA[测试隐藏 label 4]]></description>
                    <pubDate>Sat, 04 Dec 2021 17:00:54 GMT</pubDate>
                        <guid isPermaLink="false">https://github.com/bxb100/issueblog-test/issues/8</guid>
                <link>https://github.com/bxb100/issueblog-test/issues/8</link>
                    <author><![CDATA[bxb100]]></author>
                        <category>2021</category>
            </item>
            <item>
                <title><![CDATA[测试隐藏 label 3]]></title>
                    <description><![CDATA[测试隐藏 label 3]]></description>
                    <pubDate>Sat, 04 Dec 2021 17:00:42 GMT</pubDate>
                        <guid isPermaLink="false">https://github.com/bxb100/issueblog-test/issues/7</guid>
                <link>https://github.com/bxb100/issueblog-test/issues/7</link>
                    <author><![CDATA[bxb100]]></author>
                        <category>2021</category>
            </item>
            <item>
                <title><![CDATA[测试隐藏 label 2]]></title>
                    <description><![CDATA[测试隐藏 label 2]]></description>
                    <pubDate>Sat, 04 Dec 2021 17:00:31 GMT</pubDate>
                        <guid isPermaLink="false">https://github.com/bxb100/issueblog-test/issues/6</guid>
                <link>https://github.com/bxb100/issueblog-test/issues/6</link>
                    <author><![CDATA[bxb100]]></author>
                        <category>2021</category>
            </item>
            <item>
                <title><![CDATA[测试隐藏 label 1]]></title>
                    <description><![CDATA[测试隐藏 label 1]]></description>
                    <pubDate>Sun, 05 Dec 2021 09:45:03 GMT</pubDate>
                        <guid isPermaLink="false">https://github.com/bxb100/issueblog-test/issues/5</guid>
                <link>https://github.com/bxb100/issueblog-test/issues/5</link>
                    <author><![CDATA[bxb100]]></author>
                        <category>2021</category>
                        <category>two</category>
            </item>
            <item>
                <title><![CDATA[无 label 测试]]></title>
                    <description><![CDATA[<p>cscscs</p>
]]></description>
                    <pubDate>Sat, 04 Dec 2021 16:05:44 GMT</pubDate>
                        <guid isPermaLink="false">https://github.com/bxb100/issueblog-test/issues/4</guid>
                <link>https://github.com/bxb100/issueblog-test/issues/4</link>
                    <author><![CDATA[bxb100]]></author>
            </item>
            <item>
                <title><![CDATA[置顶测试 2]]></title>
                    <description><![CDATA[<p>测试测试测试测试从 s</p>
]]></description>
                    <pubDate>Sat, 04 Dec 2021 15:19:37 GMT</pubDate>
                        <guid isPermaLink="false">https://github.com/bxb100/issueblog-test/issues/3</guid>
                <link>https://github.com/bxb100/issueblog-test/issues/3</link>
                    <author><![CDATA[bxb100]]></author>
                        <category>Top</category>
            </item>
            <item>
                <title><![CDATA[置顶测试 1]]></title>
                    <description><![CDATA[<p>cscscs</p>
]]></description>
                    <pubDate>Sat, 04 Dec 2021 15:19:12 GMT</pubDate>
                        <guid isPermaLink="false">https://github.com/bxb100/issueblog-test/issues/2</guid>
                <link>https://github.com/bxb100/issueblog-test/issues/2</link>
                    <author><![CDATA[bxb100]]></author>
                        <category>Top</category>
            </item>
            <item>
                <title><![CDATA[友链测试]]></title>
                    <description><![CDATA[友链测试]]></description>
                    <pubDate>Wed, 08 Dec 2021 08:52:45 GMT</pubDate>
                        <guid isPermaLink="false">https://github.com/bxb100/issueblog-test/issues/1</guid>
                <link>https://github.com/bxb100/issueblog-test/issues/1</link>
                    <author><![CDATA[bxb100]]></author>
                        <category>Friends</category>
            </item>
            <item>
                <title><![CDATA[Ep 34. 和 lepture 聊聊他的产品，以及做个人开发的体验]]></title>
                    <description><![CDATA[<p>如果喜欢我们的节目，欢迎通过爱发电打赏支持：<a href="https://afdian.net/@pythonhunter" rel="nofollow">https://afdian.net/@pythonhunter</a>
本期我们和 lepture 聊了聊他的两个项目：Typlog 和 Authlib。lepture 分享了他作为个人开发者的一些经验。
本期于 2020 年录制，有些信息可能已经过时。关于这两个项目的情况请以官网为准。</p>
<p>嘉宾 lepture
主播 Adam Wen laike9m</p>
<p>链接</p>
<ul>
<li>Typlog Authlib Typlog 上的第一个播客 <a href="http://nirokita.cn/" rel="nofollow">http://nirokita.cn/</a>
</li>
<li>lepture｜Typlog 作者：中文世界最大的悲剧便是封闭</li>
</ul>
]]></description>
                    <pubDate>Sun, 05 Dec 2021 14:41:32 GMT</pubDate>
                        <guid isPermaLink="false">https://github.com/bxb100/issueblog-test/releases/tag/ep34</guid>
                <link>https://github.com/bxb100/issueblog-test/releases/tag/ep34</link>
                        <enclosure url="https://github.com/bxb100/issueblog-test/releases/download/ep34/8361664978_836589.mp3" length="39938400" type="audio/mpeg" />
                        <itunes:image href="https://user-images.githubusercontent.com/20685961/144750682-8b5d34c6-f7e1-411d-9d8e-fd30d949cb1b.png" />
                    <author><![CDATA[bxb100]]></author>
                    <category>Podcast</category>
            </item>
    </channel>
</rss>
"
`;
